Command: D:\DATN\App\Espressif\python_env\idf5.5_py3.11_env\Scripts\python.exe D:\DATN\App\Espressif\frameworks\esp-idf-v5.5.3\tools/idf_monitor.py -p COM5 -b 115200 --toolchain-prefix xtensa-esp32-elf- --target esp32 --revision 0 D:\DATN\App\Espressif\frameworks\ESP_Master\001_master\build\blink.elf D:\DATN\App\Espressif\frameworks\ESP_Master\001_master\build\bootloader\bootloader.elf --force-color -m 'D:\DATN\App\Espressif\python_env\idf5.5_py3.11_env\Scripts\python.exe' 'D:\DATN\App\Espressif\frameworks\esp-idf-v5.5.3\tools\idf.py' '-p' 'COM5'
e��A%�Flash Size : 2MB
I ets Jun  8 2016 00:22:57

rst:0x1 (POWERON_RESET),boot:0x13 (SPI_FAST_FLASH_BOOT)
configsip: 0, SPIWP:0xee
clk_drv:0x00,q_drv:0x00,d_drv:0x00,cs0_drv:0x00,hd_drv:0x00,wp_drv:0x00
mode:DIO, clock div:2
load:0x3fff0030,len:6280
load:0x40078000,len:15864
load:0x40080400,len:3920
entry 0x40080644
[0;32mI (27) boot: ESP-IDF v5.5.3 2nd stage bootloader[0m
[0;32mI (27) boot: compile time Apr 22 2026 10:58:34[0m
[0;32mI (27) boot: Multicore bootloader[0m
[0;32mI (28) boot: chip revision: v1.0[0m
[0;32mI (31) boot.esp32: SPI Speed      : 40MHz[0m
[0;32mI (35) boot.esp32: SPI Mode       : DIO[0m
[0;32mI (38) boot.esp32: SPI Flash Size : 2MB[0m
[0;32mI (42) boot: Enabling RNG early entropy source...[0m
[0;32mI (46) boot: Partition Table:[0m
[0;32mI (49) boot: ## Label            Usage          Type ST Offset   Length[0m
[0;32mI (55) boot:  0 nvs              WiFi data        01 02 00009000 00006000[0m
[0;32mI (62) boot:  1 phy_init         RF data          01 01 0000f000 00001000[0m
[0;32mI (68) boot:  2 factory          factory app      00 00 00010000 00100000[0m
[0;32mI (75) boot: End of partition table[0m
[0;32mI (78) esp_image: segment 0: paddr=00010020 vaddr=3f400020 size=09760h ( 38752) map[0m
[0;32mI (99) esp_image: segment 1: paddr=00019788 vaddr=3ffb0000 size=02b94h ( 11156) load[0m
[0;32mI (103) esp_image: segment 2: paddr=0001c324 vaddr=40080000 size=03cf4h ( 15604) load[0m
[0;32mI (110) esp_image: segment 3: paddr=00020020 vaddr=400d0020 size=11820h ( 71712) map[0m
[0;32mI (135) esp_image: segment 4: paddr=00031848 vaddr=40083cf4 size=0ae04h ( 44548) load[0m
[0;32mI (152) esp_image: segment 5: paddr=0003c654 vaddr=50000000 size=00020h (    32) load[0m
[0;32mI (160) boot: Loaded app from partition at offset 0x10000[0m
[0;32mI (160) boot: Disabling RNG early entropy source...[0m
[0;32mI (173) cpu_start: Multicore app[0m
[0;32mI (181) cpu_start: GPIO 3 and 1 are used as console UART I/O pins[0m
[0;32mI (181) cpu_start: Pro cpu start user code[0m
[0;32mI (181) cpu_start: cpu freq: 160000000 Hz[0m
[0;32mI (183) app_init: Application information:[0m
[0;32mI (187) app_init: Project name:     blink[0m
[0;32mI (190) app_init: App version:      1[0m
[0;32mI (194) app_init: Compile time:     Apr 22 2026 10:57:58[0m
[0;32mI (199) app_init: ELF file SHA256:  2c5fb40aa...[0m
[0;32mI (203) app_init: ESP-IDF:          v5.5.3[0m
[0;32mI (207) efuse_init: Min chip rev:     v0.0[0m
[0;32mI (211) efuse_init: Max chip rev:     v3.99 [0m
[0;32mI (215) efuse_init: Chip rev:         v1.0[0m
[0;32mI (219) heap_init: Initializing. RAM available for dynamic allocation:[0m
[0;32mI (225) heap_init: At 3FFAE6E0 len 00001920 (6 KiB): DRAM[0m
[0;32mI (230) heap_init: At 3FFB3438 len 0002CBC8 (178 KiB): DRAM[0m
[0;32mI (235) heap_init: At 3FFE0440 len 00003AE0 (14 KiB): D/IRAM[0m
[0;32mI (241) heap_init: At 3FFE4350 len 0001BCB0 (111 KiB): D/IRAM[0m
[0;32mI (246) heap_init: At 4008EAF8 len 00011508 (69 KiB): IRAM[0m
[0;32mI (252) spi_flash: detected chip: generic[0m
[0;32mI (255) spi_flash: flash io: dio[0m
[0;33mW (258) spi_flash: Detected size(4096k) larger than the size in the binary image header(2048k). Using the size in the binary image header.[0m
[0;32mI (271) main_task: Started on CPU0[0m
[0;32mI (281) main_task: Calling app_main()[0m
===== START OTA =====
FAILED -> STOP
===== DONE =====
===== START OTA =====
FAILED -> STOP
===== DONE =====
===== START OTA =====
FAILED -> STOP
===== DONE =====
===== START OTA =====
FAILED -> STOP
===== DONE =====
ets Jun  8 2016 00:22:57

rst:0x1 (POWERON_RESET),boot:0x13 (SPI_FAST_FLASH_BOOT)
configsip: 0, SPIWP:0xee
clk_drv:0x00,q_drv:0x00,d_drv:0x00,cs0_drv:0x00,hd_drv:0x00,wp_drv:0x00
mode:DIO, clock div:2
load:0x3fff0030,len:6280
load:0x40078000,len:15864
load:0x40080400,len:3920
entry 0x40080644
[0;32mI (27) boot: ESP-IDF v5.5.3 2nd stage bootloader[0m
[0;32mI (27) boot: compile time Apr 22 2026 10:58:34[0m
[0;32mI (27) boot: Multicore bootloader[0m
[0;32mI (28) boot: chip revision: v1.0[0m
[0;32mI (31) boot.esp32: SPI Speed      : 40MHz[0m
[0;32mI (35) boot.esp32: SPI Mode       : DIO[0m
[0;32mI (38) boot.esp32: SPI Flash Size : 2MB[0m
[0;32mI (42) boot: Enabling RNG early entropy source...[0m
[0;32mI (46) boot: Partition Table:[0m
[0;32mI (49) boot: ## Label            Usage          Type ST Offset   Length[0m
[0;32mI (55) boot:  0 nvs              WiFi data        01 02 00009000 00006000[0m
[0;32mI (62) boot:  1 phy_init         RF data          01 01 0000f000 00001000[0m
[0;32mI (68) boot:  2 factory          factory app      00 00 00010000 00100000[0m
[0;32mI (75) boot: End of partition table[0m
[0;32mI (78) esp_image: segment 0: paddr=00010020 vaddr=3f400020 size=09760h ( 38752) map[0m
[0;32mI (99) esp_image: segment 1: paddr=00019788 vaddr=3ffb0000 size=02b94h ( 11156) load[0m
[0;32mI (103) esp_image: segment 2: paddr=0001c324 vaddr=40080000 size=03cf4h ( 15604) load[0m
[0;32mI (110) esp_image: segment 3: paddr=00020020 vaddr=400d0020 size=11820h ( 71712) map[0m
[0;32mI (135) esp_image: segment 4: paddr=00031848 vaddr=40083cf4 size=0ae04h ( 44548) load[0m
[0;32mI (152) esp_image: segment 5: paddr=0003c654 vaddr=50000000 size=00020h (    32) load[0m
[0;32mI (160) boot: Loaded app from partition at offset 0x10000[0m
[0;32mI (160) boot: Disabling RNG early entropy source...[0m
[0;32mI (173) cpu_start: Multicore app[0m
[0;32mI (181) cpu_start: GPIO 3 and 1 are used as console UART I/O pins[0m
[0;32mI (181) cpu_start: Pro cpu start user code[0m
[0;32mI (181) cpu_start: cpu freq: 160000000 Hz[0m
[0;32mI (183) app_init: Application information:[0m
[0;32mI (187) app_init: Project name:     blink[0m
[0;32mI (190) app_init: App version:      1[0m
[0;32mI (194) app_init: Compile time:     Apr 22 2026 10:57:58[0m
[0;32mI (199) app_init: ELF file SHA256:  2c5fb40aa...[0m
[0;32mI (203) app_init: ESP-IDF:          v5.5.3[0m
[0;32mI (207) efuse_init: Min chip rev:     v0.0[0m
[0;32mI (211) efuse_init: Max chip rev:     v3.99 [0m
[0;32mI (215) efuse_init: Chip rev:         v1.0[0m
[0;32mI (219) heap_init: Initializing. RAM available for dynamic allocation:[0m
[0;32mI (225) heap_init: At 3FFAE6E0 len 00001920 (6 KiB): DRAM[0m
[0;32mI (230) heap_init: At 3FFB3438 len 0002CBC8 (178 KiB): DRAM[0m
[0;32mI (235) heap_init: At 3FFE0440 len 00003AE0 (14 KiB): D/IRAM[0m
[0;32mI (241) heap_init: At 3FFE4350 len 0001BCB0 (111 KiB): D/IRAM[0m
[0;32mI (246) heap_init: At 4008EAF8 len 00011508 (69 KiB): IRAM[0m
[0;32mI (252) spi_flash: detected chip: generic[0m
[0;32mI (255) spi_flash: flash io: dio[0m
[0;33mW (258) spi_flash: Detected size(4096k) larger than the size in the binary image header(2048k). Using the size in the binary image header.[0m
[0;32mI (271) main_task: Started on CPU0[0m
[0;32mI (281) main_task: Calling app_main()[0m
===== START OTA =====
FAILED -> STOP
===== DONE =====
===== START OTA =====
FAILED -> STOP
===== DONE =====
===== START OTA =====
FAILED -> STOP
===== DONE =====
===== START OTA =====
FAILED -> STOP
===== DONE =====
===== START OTA =====
FAILED -> STOP
===== DONE =====
===== START OTA =====
FAILED -> STOP
===== DONE =====
===== START OTA =====
FAILED -> STOP
===== DONE =====
===== START OTA =====
FAILED -> STOP
===== DONE =====
===== START OTA =====
FAILED -> STOP
===== DONE =====
===== START OTA =====
FAILED -> STOP
===== DONE =====
===== START OTA =====
FAILED -> STOP
===== DONE =====
ets Jun  8 2016 00:22:57

rst:0x1 (POWERON_RESET),boot:0x13 (SPI_FAST_FLASH_BOOT)
configsip: 0, SPIWP:0xee
clk_drv:0x00,q_drv:0x00,d_drv:0x00,cs0_drv:0x00,hd_drv:0x00,wp_drv:0x00
mode:DIO, clock div:2
load:0x3fff0030,len:6280
load:0x40078000,len:15864
load:0x40080400,len:3920
entry 0x40080644
[0;32mI (27) boot: ESP-IDF v5.5.3 2nd stage bootloader[0m
[0;32mI (27) boot: compile time Apr 22 2026 10:58:34[0m
[0;32mI (27) boot: Multicore bootloader[0m
[0;32mI (28) boot: chip revision: v1.0[0m
[0;32mI (31) boot.esp32: SPI Speed      : 40MHz[0m
[0;32mI (35) boot.esp32: SPI Mode       : DIO[0m
[0;32mI (38) boot.esp32: SPI Flash Size : 2MB[0m
[0;32mI (42) boot: Enabling RNG early entropy source...[0m
[0;32mI (46) boot: Partition Table:[0m
[0;32mI (49) boot: ## Label            Usage          Type ST Offset   Length[0m
[0;32mI (55) boot:  0 nvs              WiFi data        01 02 00009000 00006000[0m
[0;32mI (62) boot:  1 phy_init         RF data          01 01 0000f000 00001000[0m
[0;32mI (68) boot:  2 factory          factory app      00 00 00010000 00100000[0m
[0;32mI (75) boot: End of partition table[0m
[0;32mI (78) esp_image: segment 0: paddr=00010020 vaddr=3f400020 size=09760h ( 38752) map[0m
[0;32mI (99) esp_image: segment 1: paddr=00019788 vaddr=3ffb0000 size=02b94h ( 11156) load[0m
[0;32mI (103) esp_image: segment 2: paddr=0001c324 vaddr=40080000 size=03cf4h ( 15604) load[0m
[0;32mI (110) esp_image: segment 3: paddr=00020020 vaddr=400d0020 size=11820h ( 71712) map[0m
[0;32mI (135) esp_image: segment 4: paddr=00031848 vaddr=40083cf4 size=0ae04h ( 44548) load[0m
[0;32mI (152) esp_image: segment 5: paddr=0003c654 vaddr=50000000 size=00020h (    32) load[0m
[0;32mI (160) boot: Loaded app from partition at offset 0x10000[0m
[0;32mI (160) boot: Disabling RNG early entropy source...[0m
[0;32mI (173) cpu_start: Multicore app[0m
[0;32mI (181) cpu_start: GPIO 3 and 1 are used as console UART I/O pins[0m
[0;32mI (181) cpu_start: Pro cpu start user code[0m
[0;32mI (181) cpu_start: cpu freq: 160000000 Hz[0m
[0;32mI (183) app_init: Application information:[0m
[0;32mI (187) app_init: Project name:     blink[0m
[0;32mI (190) app_init: App version:      1[0m
[0;32mI (194) app_init: Compile time:     Apr 22 2026 10:57:58[0m
[0;32mI (199) app_init: ELF file SHA256:  2c5fb40aa...[0m
[0;32mI (203) app_init: ESP-IDF:          v5.5.3[0m
[0;32mI (207) efuse_init: Min chip rev:     v0.0[0m
[0;32mI (211) efuse_init: Max chip rev:     v3.99 [0m
[0;32mI (215) efuse_init: Chip rev:         v1.0[0m
[0;32mI (219) heap_init: Initializing. RAM available for dynamic allocation:[0m
[0;32mI (225) heap_init: At 3FFAE6E0 len 00001920 (6 KiB): DRAM[0m
[0;32mI (230) heap_init: At 3FFB3438 len 0002CBC8 (178 KiB): DRAM[0m
[0;32mI (235) heap_init: At 3FFE0440 len 00003AE0 (14 KiB): D/IRAM[0m
[0;32mI (241) heap_init: At 3FFE4350 len 0001BCB0 (111 KiB): D/IRAM[0m
[0;32mI (246) heap_init: At 4008EAF8 len 00011508 (69 KiB): IRAM[0m
[0;32mI (252) spi_flash: detected chip: generic[0m
[0;32mI (255) spi_flash: flash io: dio[0m
[0;33mW (258) spi_flash: Detected size(4096k) larger than the size in the binary image header(2048k). Using the size in the binary image header.[0m
[0;32mI (271) main_task: Started on CPU0[0m
[0;32mI (281) main_task: Calling app_main()[0m
===== START OTA =====
FAILED -> STOP
===== DONE =====
===== START OTA =====
FAILED -> STOP
===== DONE =====
===== START OTA =====
FAILED -> STOP
===== DONE =====
===== START OTA =====
FAILED -> STOP
===== DONE =====
===== START OTA =====
FAILED -> STOP
===== DONE =====
